// Jest Snapshot v1, https://goo.gl/fbAQLP

exports[`BackgroundDimmer renders correctly 1`] = `
<div
  className="background-dimmer"
>
  <div
    style={
      Object {
        "backgroundColor": "black",
        "bottom": 0,
        "left": 0,
        "opacity": 0.5,
        "position": "fixed",
        "right": 0,
        "top": 0,
        "zIndex": 99999,
      }
    }
  />
  <div
    className="main-content-wrapper"
    onClick={[Function]}
    onTouchMove={[Function]}
    onWheel={[Function]}
    style={
      Object {
        "alignItems": "center",
        "bottom": 0,
        "boxSizing": "border-box",
        "display": "flex",
        "flex": "0 1 auto",
        "flexDirection": "row",
        "flexWrap": "nowrap",
        "height": undefined,
        "justifyContent": "center",
        "left": 0,
        "marginBottom": undefined,
        "marginLeft": undefined,
        "marginRight": undefined,
        "marginTop": undefined,
        "minHeight": 0,
        "minWidth": 0,
        "position": "fixed",
        "right": 0,
        "top": 0,
        "width": undefined,
        "zIndex": 100000,
      }
    }
  >
    <div
      className="centered-content-wrapper"
      onClick={[Function]}
      style={
        Object {
          "alignItems": undefined,
          "boxSizing": "border-box",
          "display": "flex",
          "flex": "0 1 auto",
          "flexDirection": "column",
          "flexWrap": "nowrap",
          "height": "auto",
          "justifyContent": undefined,
          "marginBottom": undefined,
          "marginLeft": undefined,
          "marginRight": undefined,
          "marginTop": undefined,
          "maxHeight": "90%",
          "maxWidth": "90%",
          "minHeight": 0,
          "minWidth": 0,
          "width": "auto",
        }
      }
    >
      <div
        className="content"
      >
        content
      </div>
    </div>
  </div>
</div>
`;
