// Jest Snapshot v1, https://goo.gl/fbAQLP

exports[`TimePicker renders correctly 1`] = `"<div class=\\"css-1pcexqc-container dropdown is-medium is-searchable time-picker fancy-class-name\\" id=\\"12345\\"><div class=\\"css-bg1rzq-control dropdown__control\\"><div class=\\"css-1hwfws3 dropdown__value-container dropdown__value-container--has-value\\"><div class=\\"css-dvua67-singleValue dropdown__single-value\\">06:30</div><div class=\\"css-1l95nvm\\"><div class=\\"dropdown__input\\" style=\\"display: inline-block;\\"><input autocapitalize=\\"none\\" autocomplete=\\"off\\" autocorrect=\\"off\\" id=\\"react-select-2-input\\" spellcheck=\\"false\\" tabindex=\\"0\\" type=\\"text\\" aria-autocomplete=\\"list\\" style=\\"box-sizing: content-box; width: 2px; border: 0px; font-size: inherit; opacity: 1; outline: 0; padding: 0px;\\" value=\\"\\"><div style=\\"position: absolute; top: 0px; left: 0px; visibility: hidden; height: 0px; overflow: scroll; white-space: pre; font-size: inherit; font-family: -webkit-small-control; letter-spacing: normal; text-transform: none;\\"></div></div></div></div><div class=\\"css-1wy0on6 dropdown__indicators\\"><div aria-hidden=\\"true\\" class=\\"css-16pqwjk-indicatorContainer dropdown__indicator dropdown__dropdown-indicator\\"><svg height=\\"20\\" width=\\"20\\" viewBox=\\"0 0 20 20\\" aria-hidden=\\"true\\" focusable=\\"false\\" class=\\"css-19bqh2r\\"><path d=\\"M4.516 7.548c0.436-0.446 1.043-0.481 1.576 0l3.908 3.747 3.908-3.747c0.533-0.481 1.141-0.446 1.574 0 0.436 0.445 0.408 1.197 0 1.615-0.406 0.418-4.695 4.502-4.695 4.502-0.217 0.223-0.502 0.335-0.787 0.335s-0.57-0.112-0.789-0.335c0 0-4.287-4.084-4.695-4.502s-0.436-1.17 0-1.615z\\"></path></svg></div></div></div></div>"`;
